[themes.beesoft.it/dollistraut-fashion/index.html]
[backblue.gif]
[fade.gif]
[index.html]
[themes.beesoft.it/dollistraut-fashion/bootstrap/css/bootstrap.min.css]
[themes.beesoft.it/dollistraut-fashion/js/slick/slick.css]
[themes.beesoft.it/dollistraut-fashion/js/fancybox/jquery.fancybox.css]
[themes.beesoft.it/dollistraut-fashion/scss/bee-ui.css]
[themes.beesoft.it/dollistraut-fashion/scss/style.css]
[themes.beesoft.it/dollistraut-fashion/images/logos/favicon.png]
[themes.beesoft.it/dollistraut-fashion/index.html]
[themes.beesoft.it/dollistraut-fashion/bootstrap/fonts/glyphicons-halflings-regular.eot]
[themes.beesoft.it/dollistraut-fashion/bootstrap/fonts/glyphicons-halflings-regulard41d.eot]
[themes.beesoft.it/dollistraut-fashion/bootstrap/fonts/glyphicons-halflings-regular.woff2]
[themes.beesoft.it/dollistraut-fashion/bootstrap/fonts/glyphicons-halflings-regular.woff]
[themes.beesoft.it/dollistraut-fashion/bootstrap/fonts/glyphicons-halflings-regular.ttf]
[themes.beesoft.it/dollistraut-fashion/bootstrap/fonts/glyphicons-halflings-regular.svg]
[themes.beesoft.it/dollistraut-fashion/bootstrap/css/bootstrap.min.css]
[themes.beesoft.it/dollistraut-fashion/js/slick/ajax-loader.gif]
[themes.beesoft.it/dollistraut-fashion/js/slick/fonts/slick.eot]
[themes.beesoft.it/dollistraut-fashion/js/slick/fonts/slickd41d.eot]
[themes.beesoft.it/dollistraut-fashion/js/slick/fonts/slick.woff]
[themes.beesoft.it/dollistraut-fashion/js/slick/fonts/slick.ttf]
[themes.beesoft.it/dollistraut-fashion/js/slick/slick.css]
[themes.beesoft.it/dollistraut-fashion/js/fancybox/fancybox_sprite.png]
[themes.beesoft.it/dollistraut-fashion/js/fancybox/fancybox_loading.gif]
[themes.beesoft.it/dollistraut-fashion/js/fancybox/blank.gif]
[themes.beesoft.it/dollistraut-fashion/js/fancybox/fancybox_overlay.png]
[themes.beesoft.it/dollistraut-fashion/js/fancybox/jquery.fancybox.css]
[themes.beesoft.it/dollistraut-fashion/scss/bee-ui.css]
[themes.beesoft.it/dollistraut-fashion/scss/font-awesome-4.6.3/css/font-awesome.min.css]
[themes.beesoft.it/dollistraut-fashion/images/logos/bg-logo.png]
[themes.beesoft.it/dollistraut-fashion/images/misc/loader.gif]
[themes.beesoft.it/dollistraut-fashion/scss/style.css]
[themes.beesoft.it/dollistraut-fashion/bootstrap/fonts/glyphicons-halflings-regular.html]
[themes.beesoft.it/dollistraut-fashion/bootstrap/fonts/glyphicons-halflings-regulard41d.html]
[themes.beesoft.it/dollistraut-fashion/bootstrap/fonts/glyphicons-halflings-regular-2.html]
[themes.beesoft.it/dollistraut-fashion/bootstrap/fonts/glyphicons-halflings-regular-3.html]
[themes.beesoft.it/dollistraut-fashion/bootstrap/fonts/glyphicons-halflings-regular-4.html]
[themes.beesoft.it/dollistraut-fashion/bootstrap/fonts/glyphicons-halflings-regular-5.html]
[themes.beesoft.it/dollistraut-fashion/js/slick/fonts/slick.svg]
[themes.beesoft.it/dollistraut-fashion/scss/font-awesome-4.6.3/fonts/fontawesome-webfont5b62.eot]
[themes.beesoft.it/dollistraut-fashion/scss/font-awesome-4.6.3/fonts/fontawesome-webfontd41d.eot]
[themes.beesoft.it/dollistraut-fashion/scss/font-awesome-4.6.3/fonts/fontawesome-webfont5b62.woff2]
[themes.beesoft.it/dollistraut-fashion/scss/font-awesome-4.6.3/fonts/fontawesome-webfont5b62.woff]
[themes.beesoft.it/dollistraut-fashion/scss/font-awesome-4.6.3/fonts/fontawesome-webfont5b62.ttf]
[themes.beesoft.it/dollistraut-fashion/scss/font-awesome-4.6.3/css/font-awesome.min.css]
[themes.beesoft.it/dollistraut-fashion/scss/font-awesome-4.6.3/fonts/fontawesome-webfont5b62.svg]
